admin_var.prg
c:\users\polar\appdata\local\temp\
admin_var.fxp
functii.prg
functii.fxp
.\
main.scx
main.sct
module.vcx
module.vct
splash.scx
splash.sct
imagini\exit.prg
exit.fxp
imagini\
desktop_2.bmp
imagini\
home-server-icon.bmp
imagini\
blockdevice.bmp
imagini\
coffee.bmp
imagini\
credit_card.bmp
imagini\
users_2_2.bmp
imagini\
advancedsettings.bmp
imagini\
exit.bmp
imagini\
gnome_view_refresh.bmp
imagini\
users_2.bmp
imagini\
2shell.ico
mod_info_client.scx
mod_info_client.sct
imagini\
note_add.bmp
imagini\
modify.bmp
imagini\
deletered.bmp
imagini\
keys.bmp
imagini\
ok.bmp
imagini\
control access 4.bmp
login.scx
login.sct
mod_marfa.scx
mod_marfa.sct
mod_zona.scx
mod_zona.sct
mod_pachete.scx
mod_pachete.sct
mod_user.scx
mod_user.sct
mod_abonamente.scx
mod_abonamente.sct
imagini\
off.bmp
plata_intrare.scx
plata_intrare.sct
plata_iesire.scx
plata_iesire.sct
circuite_deschise.scx
circuite_deschise.sct
bon_fiscal_datecs.prg
bon_fiscal_datecs.fxp
bon_fiscal_asid.prg
bon_fiscal_asid.fxp
raport_intrari.frx
raport_intrari.frt
check_lic.prg
check_lic.fxp
empty_database.scx
empty_database.sct
imagini\
seo-icon.bmp
raport_pachet.frx
raport_pachet.frt
mod_pass.scx
mod_pass.sct
start.prg
start.fxp
raport_produse.frx
raport_produse.frt
raport_produse2.frx
raport_produse2.frt
raport_produse_rest.frx
raport_produse_rest.frt
raport_servicii.frx
raport_servicii.frt
raport_hotel.frx
raport_hotel.frt
caldropdown.bmp
raport_client_hotel.frx
raport_client_hotel.frt
circuite_in_asteptare.scx
circuite_in_asteptare.sct
mod_grp_tva.scx
mod_grp_tva.sct
lista_marfa.frx
lista_marfa.frt
imagini\
cent_intrari.frx
cent_intrari.frt
raport_produse_mix.frx
raport_produse_mix.frt
test_rap.frx
test_rap.frt
raport_central_marfa.frx
raport_central_marfa.frt
confirm_delete.scx
confirm_delete.sct
test.scx
test.sct
bon_bucatarie.frx
bon_bucatarie.frt
export_to_txt.prg
export_to_txt.fxp
